2026-09-18 16:28:03.934: [INFO] CurrentProfilePath: C:\Users\siris\OneDrive\Desktop\3rd year sem-5\SOA\project\.metadata\.plugins\org.eclipse.swt\EBWebView\Default
2026-09-18 16:28:03.934: [INFO] Profiles total count: 1
2026-09-18 16:28:03.934: [INFO] Profile: name=Profile 1 path=C:\Users\siris\OneDrive\Desktop\3rd year sem-5\SOA\project\.metadata\.plugins\org.eclipse.swt\EBWebView\Default lastActive=null
2026-09-18 16:28:03.934: [INFO] LastUsedProfileDir: C:\Users\siris\OneDrive\Desktop\3rd year sem-5\SOA\project\.metadata\.plugins\org.eclipse.swt\EBWebView\Default
2026-09-18 16:28:03.934: [INFO] OnDoneLoading sync enabled: 0
2026-09-18 16:28:03.934: [INFO] BookmarkModelLoaded, ids_reassigned: 0
2026-09-18 16:28:03.934: [INFO] BookmarksLoadDropped droppedNodes=0
2026-09-18 16:28:03.934: [INFO] BookmarksSnapshot Startup total=0 bar=0 other=0 mobile=0 showBar=0 showBarNTP=1
2026-09-18 16:28:04.107: [INFO] BookmarksSnapshot Shutdown total=0 bar=0 other=0 mobile=0 showBar=0 showBarNTP=1
2026-09-18 16:33:10.154: [INFO] CurrentProfilePath: C:\Users\siris\OneDrive\Desktop\3rd year sem-5\SOA\project\.metadata\.plugins\org.eclipse.swt\EBWebView\Default
2026-09-18 16:33:10.154: [INFO] Profiles total count: 1
2026-09-18 16:33:10.154: [INFO] Profile: name=Profile 1 path=C:\Users\siris\OneDrive\Desktop\3rd year sem-5\SOA\project\.metadata\.plugins\org.eclipse.swt\EBWebView\Default lastActive=null
2026-09-18 16:33:10.154: [INFO] LastUsedProfileDir: C:\Users\siris\OneDrive\Desktop\3rd year sem-5\SOA\project\.metadata\.plugins\org.eclipse.swt\EBWebView\Default
2026-09-18 16:33:10.154: [INFO] OnDoneLoading sync enabled: 0
2026-09-18 16:33:10.154: [INFO] BookmarkModelLoaded, ids_reassigned: 0
2026-09-18 16:33:10.154: [INFO] BookmarksLoadDropped droppedNodes=0
2026-09-18 16:33:10.154: [INFO] BookmarksSnapshot Startup total=0 bar=0 other=0 mobile=0 showBar=0 showBarNTP=1
2026-09-18 16:33:10.256: [INFO] BookmarksSnapshot Shutdown total=0 bar=0 other=0 mobile=0 showBar=0 showBarNTP=1
2026-09-18 16:34:48.968: [INFO] CurrentProfilePath: C:\Users\siris\OneDrive\Desktop\3rd year sem-5\SOA\project\.metadata\.plugins\org.eclipse.swt\EBWebView\Default
2026-09-18 16:34:48.968: [INFO] Profiles total count: 1
2026-09-18 16:34:48.968: [INFO] Profile: name=Profile 1 path=C:\Users\siris\OneDrive\Desktop\3rd year sem-5\SOA\project\.metadata\.plugins\org.eclipse.swt\EBWebView\Default lastActive=null
2026-09-18 16:34:48.968: [INFO] LastUsedProfileDir: C:\Users\siris\OneDrive\Desktop\3rd year sem-5\SOA\project\.metadata\.plugins\org.eclipse.swt\EBWebView\Default
2026-09-18 16:34:48.968: [INFO] OnDoneLoading sync enabled: 0
2026-09-18 16:34:48.968: [INFO] BookmarkModelLoaded, ids_reassigned: 0
2026-09-18 16:34:48.968: [INFO] BookmarksLoadDropped droppedNodes=0
2026-09-18 16:34:48.968: [INFO] BookmarksSnapshot Startup total=0 bar=0 other=0 mobile=0 showBar=0 showBarNTP=1
2026-09-18 17:39:16.713: [INFO] BookmarksSnapshot Shutdown total=0 bar=0 other=0 mobile=0 showBar=0 showBarNTP=1
2026-09-19 01:48:16.811: [INFO] CurrentProfilePath: C:\Users\siris\OneDrive\Desktop\3rd year sem-5\SOA\project\.metadata\.plugins\org.eclipse.swt\EBWebView\Default
2026-09-19 01:48:16.811: [INFO] Profiles total count: 1
2026-09-19 01:48:16.811: [INFO] Profile: name=Profile 1 path=C:\Users\siris\OneDrive\Desktop\3rd year sem-5\SOA\project\.metadata\.plugins\org.eclipse.swt\EBWebView\Default lastActive=null
2026-09-19 01:48:16.811: [INFO] LastUsedProfileDir: C:\Users\siris\OneDrive\Desktop\3rd year sem-5\SOA\project\.metadata\.plugins\org.eclipse.swt\EBWebView\Default
2026-09-19 01:48:16.811: [INFO] OnDoneLoading sync enabled: 0
2026-09-19 01:48:16.811: [INFO] BookmarkModelLoaded, ids_reassigned: 0
2026-09-19 01:48:16.811: [INFO] BookmarksLoadDropped droppedNodes=0
2026-09-19 01:48:16.811: [INFO] BookmarksSnapshot Startup total=0 bar=0 other=0 mobile=0 showBar=0 showBarNTP=1
2026-09-19 02:22:23.851: [INFO] BookmarksSnapshot Shutdown total=0 bar=0 other=0 mobile=0 showBar=0 showBarNTP=1
2026-09-21 07:22:23.392: [INFO] CurrentProfilePath: C:\Users\siris\OneDrive\Desktop\3rd year sem-5\SOA\project\.metadata\.plugins\org.eclipse.swt\EBWebView\Default
2026-09-21 07:22:23.392: [INFO] Profiles total count: 1
2026-09-21 07:22:23.392: [INFO] Profile: name=Profile 1 path=C:\Users\siris\OneDrive\Desktop\3rd year sem-5\SOA\project\.metadata\.plugins\org.eclipse.swt\EBWebView\Default lastActive=null
2026-09-21 07:22:23.392: [INFO] LastUsedProfileDir: C:\Users\siris\OneDrive\Desktop\3rd year sem-5\SOA\project\.metadata\.plugins\org.eclipse.swt\EBWebView\Default
2026-09-21 07:22:23.392: [INFO] OnDoneLoading sync enabled: 0
2026-09-21 07:22:23.392: [INFO] BookmarkModelLoaded, ids_reassigned: 0
2026-09-21 07:22:23.392: [INFO] BookmarksLoadDropped droppedNodes=0
2026-09-21 07:22:23.392: [INFO] BookmarksSnapshot Startup total=0 bar=0 other=0 mobile=0 showBar=0 showBarNTP=1
2026-09-21 07:27:24.827: [INFO] BookmarksSnapshot Shutdown total=0 bar=0 other=0 mobile=0 showBar=0 showBarNTP=1
2026-09-21 08:32:14.526: [INFO] CurrentProfilePath: C:\Users\siris\OneDrive\Desktop\3rd year sem-5\SOA\project\.metadata\.plugins\org.eclipse.swt\EBWebView\Default
2026-09-21 08:32:14.526: [INFO] Profiles total count: 1
2026-09-21 08:32:14.527: [INFO] Profile: name=Profile 1 path=C:\Users\siris\OneDrive\Desktop\3rd year sem-5\SOA\project\.metadata\.plugins\org.eclipse.swt\EBWebView\Default lastActive=null
2026-09-21 08:32:14.527: [INFO] LastUsedProfileDir: C:\Users\siris\OneDrive\Desktop\3rd year sem-5\SOA\project\.metadata\.plugins\org.eclipse.swt\EBWebView\Default
2026-09-21 08:32:14.527: [INFO] OnDoneLoading sync enabled: 0
2026-09-21 08:32:14.527: [INFO] BookmarkModelLoaded, ids_reassigned: 0
2026-09-21 08:32:14.527: [INFO] BookmarksLoadDropped droppedNodes=0
2026-09-21 08:32:14.527: [INFO] BookmarksSnapshot Startup total=0 bar=0 other=0 mobile=0 showBar=0 showBarNTP=1
2026-09-21 08:56:48.443: [INFO] BookmarksSnapshot Shutdown total=0 bar=0 other=0 mobile=0 showBar=0 showBarNTP=1
2026-09-21 13:53:44.159: [INFO] CurrentProfilePath: C:\Users\siris\OneDrive\Desktop\3rd year sem-5\SOA\project\.metadata\.plugins\org.eclipse.swt\EBWebView\Default
2026-09-21 13:53:44.159: [INFO] Profiles total count: 1
2026-09-21 13:53:44.159: [INFO] Profile: name=Profile 1 path=C:\Users\siris\OneDrive\Desktop\3rd year sem-5\SOA\project\.metadata\.plugins\org.eclipse.swt\EBWebView\Default lastActive=null
2026-09-21 13:53:44.159: [INFO] LastUsedProfileDir: C:\Users\siris\OneDrive\Desktop\3rd year sem-5\SOA\project\.metadata\.plugins\org.eclipse.swt\EBWebView\Default
2026-09-21 13:53:44.159: [INFO] OnDoneLoading sync enabled: 0
2026-09-21 13:53:44.159: [INFO] BookmarkModelLoaded, ids_reassigned: 0
2026-09-21 13:53:44.159: [INFO] BookmarksLoadDropped droppedNodes=0
2026-09-21 13:53:44.159: [INFO] BookmarksSnapshot Startup total=0 bar=0 other=0 mobile=0 showBar=0 showBarNTP=1
2026-09-21 16:38:41.112: [INFO] BookmarksSnapshot Shutdown total=0 bar=0 other=0 mobile=0 showBar=0 showBarNTP=1
2026-09-22 10:32:25.994: [INFO] CurrentProfilePath: C:\Users\siris\OneDrive\Desktop\3rd year sem-5\SOA\project\.metadata\.plugins\org.eclipse.swt\EBWebView\Default
2026-09-22 10:32:25.994: [INFO] Profiles total count: 1
2026-09-22 10:32:25.994: [INFO] Profile: name=Profile 1 path=C:\Users\siris\OneDrive\Desktop\3rd year sem-5\SOA\project\.metadata\.plugins\org.eclipse.swt\EBWebView\Default lastActive=null
2026-09-22 10:32:25.994: [INFO] LastUsedProfileDir: C:\Users\siris\OneDrive\Desktop\3rd year sem-5\SOA\project\.metadata\.plugins\org.eclipse.swt\EBWebView\Default
2026-09-22 10:32:25.994: [INFO] OnDoneLoading sync enabled: 0
2026-09-22 10:32:25.994: [INFO] BookmarkModelLoaded, ids_reassigned: 0
2026-09-22 10:32:25.994: [INFO] BookmarksLoadDropped droppedNodes=0
2026-09-22 10:32:25.994: [INFO] BookmarksSnapshot Startup total=0 bar=0 other=0 mobile=0 showBar=0 showBarNTP=1
2026-09-22 11:55:40.210: [INFO] BookmarksSnapshot Shutdown total=0 bar=0 other=0 mobile=0 showBar=0 showBarNTP=1
2026-09-22 13:43:28.909: [INFO] CurrentProfilePath: C:\Users\siris\OneDrive\Desktop\3rd year sem-5\SOA\project\.metadata\.plugins\org.eclipse.swt\EBWebView\Default
2026-09-22 13:43:28.909: [INFO] Profiles total count: 1
2026-09-22 13:43:28.909: [INFO] Profile: name=Profile 1 path=C:\Users\siris\OneDrive\Desktop\3rd year sem-5\SOA\project\.metadata\.plugins\org.eclipse.swt\EBWebView\Default lastActive=null
2026-09-22 13:43:28.909: [INFO] LastUsedProfileDir: C:\Users\siris\OneDrive\Desktop\3rd year sem-5\SOA\project\.metadata\.plugins\org.eclipse.swt\EBWebView\Default
2026-09-22 13:43:28.909: [INFO] OnDoneLoading sync enabled: 0
2026-09-22 13:43:28.909: [INFO] BookmarkModelLoaded, ids_reassigned: 0
2026-09-22 13:43:28.909: [INFO] BookmarksLoadDropped droppedNodes=0
2026-09-22 13:43:28.909: [INFO] BookmarksSnapshot Startup total=0 bar=0 other=0 mobile=0 showBar=0 showBarNTP=1
2026-09-22 13:45:58.951: [INFO] BookmarksSnapshot Shutdown total=0 bar=0 other=0 mobile=0 showBar=0 showBarNTP=1
